2026-03-19 13:40:15,030 INFO ============================================================
2026-03-19 13:40:15,030 INFO SPX GEX Weekly Report — Starting run
2026-03-19 13:40:15,030 INFO Config: /home/user/marco-tools/gex_weekly/config.yaml
2026-03-19 13:40:15,030 INFO Output: ./archive/2026-03/gex_weekly_2026-03-19
2026-03-19 13:40:15,030 INFO ============================================================
2026-03-19 13:40:25,444 INFO Processing SPX (^SPX)
2026-03-19 13:40:25,799 INFO SPX spot = 6624.70
2026-03-19 13:40:28,020 INFO Fetched 2366 option rows for ^SPX across 8 expiries
2026-03-19 13:40:28,737 INFO Processing SPY (SPY)
2026-03-19 13:40:28,909 INFO SPY spot = nan
2026-03-19 13:40:30,144 INFO Fetched 2202 option rows for SPY across 8 expiries
2026-03-19 13:40:30,616 INFO Processing QQQ (QQQ)
2026-03-19 13:40:30,735 INFO QQQ spot = 588.50
2026-03-19 13:40:31,830 INFO Fetched 1214 option rows for QQQ across 8 expiries
2026-03-19 13:40:32,289 INFO Processing IWM (IWM)
2026-03-19 13:40:32,380 INFO IWM spot = 243.86
2026-03-19 13:40:33,529 INFO Fetched 512 option rows for IWM across 8 expiries
2026-03-19 13:40:33,812 INFO VIX: 27.03 (1d chg: +1.94)
2026-03-19 13:40:33,819 INFO Regime: SHORT_GAMMA | Risk: EXTREME | Score: -0.50
2026-03-19 13:40:33,819 INFO   Gamma Regime: BEARISH_VOL_BUY [-1.00] (STRONG)
2026-03-19 13:40:33,819 INFO   Flip Proximity: BELOW FLIP: BEARISH [-0.50] (MODERATE)
2026-03-19 13:40:33,820 INFO   OPEX Countdown: OPEX 1DTE [-0.70] (STRONG)
2026-03-19 13:40:33,820 INFO   Vanna Flow: VOL_FALL_BID [+1.00] (STRONG)
2026-03-19 13:40:33,820 INFO   Charm Flow: DAILY_DELTA_OUTFLOW [-1.00] (STRONG)
2026-03-19 13:40:33,820 INFO   Put/Call Skew: BEARISH_SKEW_HEAVY [-0.80] (STRONG)
2026-03-19 13:40:33,820 INFO Generating charts...
2026-03-19 13:40:48,667 INFO HTML saved: ./archive/2026-03/gex_weekly_2026-03-19/gex_weekly_2026-03-19.html
2026-03-19 13:40:52,110 DEBUG Reading 'maxp' table from disk
2026-03-19 13:40:52,110 DEBUG Decompiling 'maxp' table
2026-03-19 13:40:52,111 DEBUG Took 0.001s to load 'maxp'
2026-03-19 13:40:52,111 DEBUG Took 0.000s to prune 'maxp'
2026-03-19 13:40:52,111 INFO maxp pruned
2026-03-19 13:40:52,113 DEBUG Reading 'cmap' table from disk
2026-03-19 13:40:52,113 DEBUG Decompiling 'cmap' table
2026-03-19 13:40:52,114 DEBUG Reading 'post' table from disk
2026-03-19 13:40:52,114 DEBUG Decompiling 'post' table
2026-03-19 13:40:52,119 DEBUG Took 0.006s to load 'cmap'
2026-03-19 13:40:52,119 DEBUG Took 0.000s to prune 'cmap'
2026-03-19 13:40:52,119 INFO cmap pruned
2026-03-19 13:40:52,119 INFO fpgm dropped
2026-03-19 13:40:52,119 INFO prep dropped
2026-03-19 13:40:52,119 INFO cvt  dropped
2026-03-19 13:40:52,119 INFO kern dropped
2026-03-19 13:40:52,120 DEBUG Took 0.000s to load 'post'
2026-03-19 13:40:52,120 DEBUG Took 0.000s to prune 'post'
2026-03-19 13:40:52,120 INFO post pruned
2026-03-19 13:40:52,121 INFO GPOS dropped
2026-03-19 13:40:52,121 INFO GSUB dropped
2026-03-19 13:40:52,121 DEBUG Reading 'glyf' table from disk
2026-03-19 13:40:52,122 DEBUG Decompiling 'glyf' table
2026-03-19 13:40:52,122 DEBUG Reading 'loca' table from disk
2026-03-19 13:40:52,122 DEBUG Decompiling 'loca' table
2026-03-19 13:40:52,122 DEBUG Reading 'head' table from disk
2026-03-19 13:40:52,122 DEBUG Decompiling 'head' table
2026-03-19 13:40:52,126 DEBUG Took 0.006s to load 'glyf'
2026-03-19 13:40:52,127 DEBUG Took 0.000s to prune 'glyf'
2026-03-19 13:40:52,127 INFO glyf pruned
2026-03-19 13:40:52,127 DEBUG Took 0.000s to close glyph list over 'cmap'
2026-03-19 13:40:52,127 INFO Added gid0 to subset
2026-03-19 13:40:52,127 INFO Closing glyph list over 'glyf': 73 glyphs before
2026-03-19 13:40:52,128 INFO Glyph names: ['.notdef', 'A', 'B', 'C', 'D', 'E', 'F', 'G', 'H', 'I', 'K', 'L', 'M', 'N', 'O', 'P', 'Q', 'R', 'S', 'T', 'U', 'V', 'W', 'X', 'Y', 'Z', 'a', 'ampersand', 'b', 'c', 'colon', 'comma', 'd', 'dollar', 'e', 'eight', 'emdash', 'f', 'five', 'four', 'g', 'h', 'hyphen', 'i', 'k', 'l', 'm', 'n', 'nine', 'o', 'one', 'p', 'parenleft', 'parenright', 'percent', 'period', 'plus', 'r', 's', 'seven', 'six', 'slash', 'space', 't', 'three', 'triagdn', 'triagup', 'two', 'u', 'w', 'x', 'y', 'zero']
2026-03-19 13:40:52,128 INFO Glyph IDs:   [0, 3, 7, 8, 9, 11, 12, 14, 15, 16, 17, 18, 19, 20, 21, 22, 23, 24, 25, 26, 27, 28, 29, 36, 37, 38, 39, 40, 41, 42, 43, 44, 46, 47, 48, 49, 50, 51, 52, 53, 54, 55, 56, 57, 58, 59, 60, 61, 68, 69, 70, 71, 72, 73, 74, 75, 76, 78, 79, 80, 81, 82, 83, 85, 86, 87, 88, 90, 91, 92, 2016, 2199, 2201]
2026-03-19 13:40:52,129 INFO Closed glyph list over 'glyf': 73 glyphs after
2026-03-19 13:40:52,129 INFO Glyph names: ['.notdef', 'A', 'B', 'C', 'D', 'E', 'F', 'G', 'H', 'I', 'K', 'L', 'M', 'N', 'O', 'P', 'Q', 'R', 'S', 'T', 'U', 'V', 'W', 'X', 'Y', 'Z', 'a', 'ampersand', 'b', 'c', 'colon', 'comma', 'd', 'dollar', 'e', 'eight', 'emdash', 'f', 'five', 'four', 'g', 'h', 'hyphen', 'i', 'k', 'l', 'm', 'n', 'nine', 'o', 'one', 'p', 'parenleft', 'parenright', 'percent', 'period', 'plus', 'r', 's', 'seven', 'six', 'slash', 'space', 't', 'three', 'triagdn', 'triagup', 'two', 'u', 'w', 'x', 'y', 'zero']
2026-03-19 13:40:52,129 INFO Glyph IDs:   [0, 3, 7, 8, 9, 11, 12, 14, 15, 16, 17, 18, 19, 20, 21, 22, 23, 24, 25, 26, 27, 28, 29, 36, 37, 38, 39, 40, 41, 42, 43, 44, 46, 47, 48, 49, 50, 51, 52, 53, 54, 55, 56, 57, 58, 59, 60, 61, 68, 69, 70, 71, 72, 73, 74, 75, 76, 78, 79, 80, 81, 82, 83, 85, 86, 87, 88, 90, 91, 92, 2016, 2199, 2201]
2026-03-19 13:40:52,129 DEBUG Took 0.002s to close glyph list over 'glyf'
2026-03-19 13:40:52,132 INFO Retaining 73 glyphs
2026-03-19 13:40:52,132 INFO head subsetting not needed
2026-03-19 13:40:52,132 INFO hhea subsetting not needed
2026-03-19 13:40:52,132 INFO maxp subsetting not needed
2026-03-19 13:40:52,132 INFO OS/2 subsetting not needed
2026-03-19 13:40:52,132 DEBUG Reading 'hmtx' table from disk
2026-03-19 13:40:52,132 DEBUG Decompiling 'hmtx' table
2026-03-19 13:40:52,132 DEBUG Reading 'hhea' table from disk
2026-03-19 13:40:52,133 DEBUG Decompiling 'hhea' table
2026-03-19 13:40:52,136 DEBUG Took 0.004s to subset 'hmtx'
2026-03-19 13:40:52,136 INFO hmtx subsetted
2026-03-19 13:40:52,137 DEBUG Took 0.000s to subset 'cmap'
2026-03-19 13:40:52,137 INFO cmap subsetted
2026-03-19 13:40:52,137 INFO loca subsetting not needed
2026-03-19 13:40:52,137 DEBUG Took 0.000s to subset 'post'
2026-03-19 13:40:52,137 INFO post subsetted
2026-03-19 13:40:52,137 INFO gasp subsetting not needed
2026-03-19 13:40:52,137 INFO FFTM NOT subset; don't know how to subset
2026-03-19 13:40:52,137 DEBUG Reading 'GDEF' table from disk
2026-03-19 13:40:52,137 DEBUG Decompiling 'GDEF' table
2026-03-19 13:40:52,138 DEBUG Took 0.001s to subset 'GDEF'
2026-03-19 13:40:52,138 INFO GDEF subsetted
2026-03-19 13:40:52,138 INFO name subsetting not needed
2026-03-19 13:40:52,140 DEBUG Took 0.001s to subset 'glyf'
2026-03-19 13:40:52,140 INFO glyf subsetted
2026-03-19 13:40:52,140 DEBUG Took 0.000s to subset GlyphOrder
2026-03-19 13:40:52,140 DEBUG Took 0.000s to prune 'head'
2026-03-19 13:40:52,140 INFO head pruned
2026-03-19 13:40:52,140 DEBUG Reading 'OS/2' table from disk
2026-03-19 13:40:52,141 DEBUG Decompiling 'OS/2' table
2026-03-19 13:40:52,141 INFO OS/2 Unicode ranges pruned: [0, 31, 45]
2026-03-19 13:40:52,141 INFO OS/2 CodePage ranges pruned: [0]
2026-03-19 13:40:52,142 DEBUG Took 0.001s to prune 'glyf'
2026-03-19 13:40:52,142 INFO glyf pruned
2026-03-19 13:40:52,142 DEBUG Took 0.000s to prune 'GDEF'
2026-03-19 13:40:52,142 INFO GDEF pruned
2026-03-19 13:40:52,142 DEBUG Reading 'name' table from disk
2026-03-19 13:40:52,142 DEBUG Decompiling 'name' table
2026-03-19 13:40:52,143 DEBUG Reading 'gasp' table from disk
2026-03-19 13:40:52,143 DEBUG Decompiling 'gasp' table
2026-03-19 13:40:52,143 DEBUG Reading 'FFTM' table from disk
2026-03-19 13:40:52,143 DEBUG Decompiling 'FFTM' table
2026-03-19 13:40:52,143 DEBUG Took 0.001s to prune 'name'
2026-03-19 13:40:52,143 INFO name pruned
2026-03-19 13:40:52,157 DEBUG Reading 'maxp' table from disk
2026-03-19 13:40:52,157 DEBUG Decompiling 'maxp' table
2026-03-19 13:40:52,157 DEBUG Took 0.000s to load 'maxp'
2026-03-19 13:40:52,157 DEBUG Took 0.000s to prune 'maxp'
2026-03-19 13:40:52,157 INFO maxp pruned
2026-03-19 13:40:52,157 DEBUG Reading 'cmap' table from disk
2026-03-19 13:40:52,158 DEBUG Decompiling 'cmap' table
2026-03-19 13:40:52,158 DEBUG Reading 'post' table from disk
2026-03-19 13:40:52,158 DEBUG Decompiling 'post' table
2026-03-19 13:40:52,160 DEBUG Took 0.003s to load 'cmap'
2026-03-19 13:40:52,160 DEBUG Took 0.000s to prune 'cmap'
2026-03-19 13:40:52,160 INFO cmap pruned
2026-03-19 13:40:52,160 INFO fpgm dropped
2026-03-19 13:40:52,161 INFO prep dropped
2026-03-19 13:40:52,161 INFO cvt  dropped
2026-03-19 13:40:52,161 INFO kern dropped
2026-03-19 13:40:52,161 DEBUG Took 0.000s to load 'post'
2026-03-19 13:40:52,161 DEBUG Took 0.000s to prune 'post'
2026-03-19 13:40:52,161 INFO post pruned
2026-03-19 13:40:52,161 INFO GPOS dropped
2026-03-19 13:40:52,161 INFO GSUB dropped
2026-03-19 13:40:52,161 DEBUG Reading 'glyf' table from disk
2026-03-19 13:40:52,161 DEBUG Decompiling 'glyf' table
2026-03-19 13:40:52,161 DEBUG Reading 'loca' table from disk
2026-03-19 13:40:52,161 DEBUG Decompiling 'loca' table
2026-03-19 13:40:52,161 DEBUG Reading 'head' table from disk
2026-03-19 13:40:52,162 DEBUG Decompiling 'head' table
2026-03-19 13:40:52,164 DEBUG Took 0.003s to load 'glyf'
2026-03-19 13:40:52,164 DEBUG Took 0.000s to prune 'glyf'
2026-03-19 13:40:52,164 INFO glyf pruned
2026-03-19 13:40:52,165 DEBUG Took 0.000s to close glyph list over 'cmap'
2026-03-19 13:40:52,165 INFO Added gid0 to subset
2026-03-19 13:40:52,165 INFO Closing glyph list over 'glyf': 79 glyphs before
2026-03-19 13:40:52,165 INFO Glyph names: ['.notdef', 'A', 'B', 'C', 'D', 'E', 'F', 'G', 'H', 'I', 'K', 'L', 'M', 'N', 'O', 'P', 'Q', 'R', 'S', 'T', 'U', 'V', 'W', 'X', 'Y', 'a', 'ampersand', 'arrowright', 'b', 'bullet', 'c', 'colon', 'comma', 'd', 'dollar', 'e', 'eight', 'emdash', 'endash', 'equal', 'f', 'five', 'four', 'g', 'h', 'hyphen', 'i', 'k', 'l', 'm', 'n', 'nine', 'numbersign', 'o', 'one', 'p', 'parenleft', 'parenright', 'percent', 'period', 'plus', 'plusminus', 'q', 'r', 's', 'seven', 'six', 'slash', 'space', 't', 'three', 'two', 'u', 'underscore', 'v', 'w', 'x', 'y', 'zero']
2026-03-19 13:40:52,166 INFO Glyph IDs:   [0, 3, 6, 7, 8, 9, 11, 12, 14, 15, 16, 17, 18, 19, 20, 21, 22, 23, 24, 25, 26, 27, 28, 29, 32, 36, 37, 38, 39, 40, 41, 42, 43, 44, 46, 47, 48, 49, 50, 51, 52, 53, 54, 55, 56, 57, 58, 59, 60, 66, 68, 69, 70, 71, 72, 73, 74, 75, 76, 78, 79, 80, 81, 82, 83, 84, 85, 86, 87, 88, 89, 90, 91, 92, 115, 2015, 2016, 2030, 2118]
2026-03-19 13:40:52,166 INFO Closed glyph list over 'glyf': 79 glyphs after
2026-03-19 13:40:52,166 INFO Glyph names: ['.notdef', 'A', 'B', 'C', 'D', 'E', 'F', 'G', 'H', 'I', 'K', 'L', 'M', 'N', 'O', 'P', 'Q', 'R', 'S', 'T', 'U', 'V', 'W', 'X', 'Y', 'a', 'ampersand', 'arrowright', 'b', 'bullet', 'c', 'colon', 'comma', 'd', 'dollar', 'e', 'eight', 'emdash', 'endash', 'equal', 'f', 'five', 'four', 'g', 'h', 'hyphen', 'i', 'k', 'l', 'm', 'n', 'nine', 'numbersign', 'o', 'one', 'p', 'parenleft', 'parenright', 'percent', 'period', 'plus', 'plusminus', 'q', 'r', 's', 'seven', 'six', 'slash', 'space', 't', 'three', 'two', 'u', 'underscore', 'v', 'w', 'x', 'y', 'zero']
2026-03-19 13:40:52,166 INFO Glyph IDs:   [0, 3, 6, 7, 8, 9, 11, 12, 14, 15, 16, 17, 18, 19, 20, 21, 22, 23, 24, 25, 26, 27, 28, 29, 32, 36, 37, 38, 39, 40, 41, 42, 43, 44, 46, 47, 48, 49, 50, 51, 52, 53, 54, 55, 56, 57, 58, 59, 60, 66, 68, 69, 70, 71, 72, 73, 74, 75, 76, 78, 79, 80, 81, 82, 83, 84, 85, 86, 87, 88, 89, 90, 91, 92, 115, 2015, 2016, 2030, 2118]
2026-03-19 13:40:52,166 DEBUG Took 0.001s to close glyph list over 'glyf'
2026-03-19 13:40:52,169 INFO Retaining 79 glyphs
2026-03-19 13:40:52,169 INFO head subsetting not needed
2026-03-19 13:40:52,169 INFO hhea subsetting not needed
2026-03-19 13:40:52,169 INFO maxp subsetting not needed
2026-03-19 13:40:52,170 INFO OS/2 subsetting not needed
2026-03-19 13:40:52,170 DEBUG Reading 'hmtx' table from disk
2026-03-19 13:40:52,170 DEBUG Decompiling 'hmtx' table
2026-03-19 13:40:52,170 DEBUG Reading 'hhea' table from disk
2026-03-19 13:40:52,170 DEBUG Decompiling 'hhea' table
2026-03-19 13:40:52,173 DEBUG Took 0.003s to subset 'hmtx'
2026-03-19 13:40:52,173 INFO hmtx subsetted
2026-03-19 13:40:52,173 DEBUG Took 0.000s to subset 'cmap'
2026-03-19 13:40:52,173 INFO cmap subsetted
2026-03-19 13:40:52,173 INFO loca subsetting not needed
2026-03-19 13:40:52,174 DEBUG Took 0.000s to subset 'post'
2026-03-19 13:40:52,174 INFO post subsetted
2026-03-19 13:40:52,174 INFO gasp subsetting not needed
2026-03-19 13:40:52,174 INFO FFTM NOT subset; don't know how to subset
2026-03-19 13:40:52,174 DEBUG Reading 'GDEF' table from disk
2026-03-19 13:40:52,174 DEBUG Decompiling 'GDEF' table
2026-03-19 13:40:52,175 DEBUG Took 0.001s to subset 'GDEF'
2026-03-19 13:40:52,175 INFO GDEF subsetted
2026-03-19 13:40:52,175 INFO name subsetting not needed
2026-03-19 13:40:52,176 DEBUG Took 0.001s to subset 'glyf'
2026-03-19 13:40:52,176 INFO glyf subsetted
2026-03-19 13:40:52,176 DEBUG Took 0.000s to subset GlyphOrder
2026-03-19 13:40:52,176 DEBUG Took 0.000s to prune 'head'
2026-03-19 13:40:52,176 INFO head pruned
2026-03-19 13:40:52,176 DEBUG Reading 'OS/2' table from disk
2026-03-19 13:40:52,176 DEBUG Decompiling 'OS/2' table
2026-03-19 13:40:52,177 INFO OS/2 Unicode ranges pruned: [0, 1, 31, 37]
2026-03-19 13:40:52,177 INFO OS/2 CodePage ranges pruned: [0]
2026-03-19 13:40:52,178 DEBUG Took 0.001s to prune 'glyf'
2026-03-19 13:40:52,178 INFO glyf pruned
2026-03-19 13:40:52,178 DEBUG Took 0.000s to prune 'GDEF'
2026-03-19 13:40:52,178 INFO GDEF pruned
2026-03-19 13:40:52,178 DEBUG Reading 'name' table from disk
2026-03-19 13:40:52,178 DEBUG Decompiling 'name' table
2026-03-19 13:40:52,178 DEBUG Reading 'gasp' table from disk
2026-03-19 13:40:52,178 DEBUG Decompiling 'gasp' table
2026-03-19 13:40:52,178 DEBUG Reading 'FFTM' table from disk
2026-03-19 13:40:52,179 DEBUG Decompiling 'FFTM' table
2026-03-19 13:40:52,179 DEBUG Took 0.001s to prune 'name'
2026-03-19 13:40:52,179 INFO name pruned
2026-03-19 13:40:52,193 DEBUG Reading 'maxp' table from disk
2026-03-19 13:40:52,193 DEBUG Decompiling 'maxp' table
2026-03-19 13:40:52,193 DEBUG Took 0.000s to load 'maxp'
2026-03-19 13:40:52,193 DEBUG Took 0.000s to prune 'maxp'
2026-03-19 13:40:52,193 INFO maxp pruned
2026-03-19 13:40:52,193 DEBUG Reading 'cmap' table from disk
2026-03-19 13:40:52,193 DEBUG Decompiling 'cmap' table
2026-03-19 13:40:52,194 DEBUG Reading 'post' table from disk
2026-03-19 13:40:52,194 DEBUG Decompiling 'post' table
2026-03-19 13:40:52,208 DEBUG Took 0.014s to load 'cmap'
2026-03-19 13:40:52,208 DEBUG Took 0.000s to prune 'cmap'
2026-03-19 13:40:52,208 INFO cmap pruned
2026-03-19 13:40:52,208 INFO fpgm dropped
2026-03-19 13:40:52,208 INFO prep dropped
2026-03-19 13:40:52,208 INFO cvt  dropped
2026-03-19 13:40:52,208 INFO kern dropped
2026-03-19 13:40:52,208 DEBUG Took 0.000s to load 'post'
2026-03-19 13:40:52,208 DEBUG Took 0.000s to prune 'post'
2026-03-19 13:40:52,208 INFO post pruned
2026-03-19 13:40:52,208 INFO GPOS dropped
2026-03-19 13:40:52,208 INFO GSUB dropped
2026-03-19 13:40:52,208 DEBUG Reading 'glyf' table from disk
2026-03-19 13:40:52,210 DEBUG Decompiling 'glyf' table
2026-03-19 13:40:52,210 DEBUG Reading 'loca' table from disk
2026-03-19 13:40:52,210 DEBUG Decompiling 'loca' table
2026-03-19 13:40:52,210 DEBUG Reading 'head' table from disk
2026-03-19 13:40:52,210 DEBUG Decompiling 'head' table
2026-03-19 13:40:52,220 DEBUG Took 0.012s to load 'glyf'
2026-03-19 13:40:52,220 DEBUG Took 0.000s to prune 'glyf'
2026-03-19 13:40:52,220 INFO glyf pruned
2026-03-19 13:40:52,224 DEBUG Took 0.001s to close glyph list over 'cmap'
2026-03-19 13:40:52,224 INFO Added gid0 to subset
2026-03-19 13:40:52,224 INFO Closing glyph list over 'glyf': 2 glyphs before
2026-03-19 13:40:52,224 INFO Glyph names: ['.notdef', 'uni25C6']
2026-03-19 13:40:52,226 INFO Glyph IDs:   [0, 3742]
2026-03-19 13:40:52,226 INFO Closed glyph list over 'glyf': 2 glyphs after
2026-03-19 13:40:52,226 INFO Glyph names: ['.notdef', 'uni25C6']
2026-03-19 13:40:52,226 INFO Glyph IDs:   [0, 3742]
2026-03-19 13:40:52,226 DEBUG Took 0.002s to close glyph list over 'glyf'
2026-03-19 13:40:52,229 INFO Retaining 2 glyphs
2026-03-19 13:40:52,229 INFO head subsetting not needed
2026-03-19 13:40:52,230 INFO hhea subsetting not needed
2026-03-19 13:40:52,230 INFO maxp subsetting not needed
2026-03-19 13:40:52,230 INFO OS/2 subsetting not needed
2026-03-19 13:40:52,230 DEBUG Reading 'hmtx' table from disk
2026-03-19 13:40:52,230 DEBUG Decompiling 'hmtx' table
2026-03-19 13:40:52,230 DEBUG Reading 'hhea' table from disk
2026-03-19 13:40:52,230 DEBUG Decompiling 'hhea' table
2026-03-19 13:40:52,237 DEBUG Took 0.007s to subset 'hmtx'
2026-03-19 13:40:52,237 INFO hmtx subsetted
2026-03-19 13:40:52,238 DEBUG Took 0.001s to subset 'cmap'
2026-03-19 13:40:52,238 INFO cmap subsetted
2026-03-19 13:40:52,238 INFO loca subsetting not needed
2026-03-19 13:40:52,238 DEBUG Took 0.000s to subset 'post'
2026-03-19 13:40:52,238 INFO post subsetted
2026-03-19 13:40:52,238 INFO gasp subsetting not needed
2026-03-19 13:40:52,239 INFO FFTM NOT subset; don't know how to subset
2026-03-19 13:40:52,239 DEBUG Reading 'GDEF' table from disk
2026-03-19 13:40:52,239 DEBUG Decompiling 'GDEF' table
2026-03-19 13:40:52,240 DEBUG Took 0.002s to subset 'GDEF'
2026-03-19 13:40:52,240 INFO GDEF subsetted
2026-03-19 13:40:52,240 INFO name subsetting not needed
2026-03-19 13:40:52,242 DEBUG Took 0.002s to subset 'glyf'
2026-03-19 13:40:52,242 INFO glyf subsetted
2026-03-19 13:40:52,242 DEBUG Took 0.000s to subset GlyphOrder
2026-03-19 13:40:52,243 DEBUG Took 0.000s to prune 'head'
2026-03-19 13:40:52,243 INFO head pruned
2026-03-19 13:40:52,243 DEBUG Reading 'OS/2' table from disk
2026-03-19 13:40:52,243 DEBUG Decompiling 'OS/2' table
2026-03-19 13:40:52,243 INFO OS/2 Unicode ranges pruned: [45]
2026-03-19 13:40:52,243 INFO OS/2 CodePage ranges pruned: [0]
2026-03-19 13:40:52,244 DEBUG Took 0.001s to prune 'glyf'
2026-03-19 13:40:52,244 INFO glyf pruned
2026-03-19 13:40:52,244 DEBUG Took 0.000s to prune 'GDEF'
2026-03-19 13:40:52,244 INFO GDEF pruned
2026-03-19 13:40:52,244 DEBUG Reading 'name' table from disk
2026-03-19 13:40:52,244 DEBUG Decompiling 'name' table
2026-03-19 13:40:52,244 DEBUG Reading 'gasp' table from disk
2026-03-19 13:40:52,245 DEBUG Decompiling 'gasp' table
2026-03-19 13:40:52,245 DEBUG Reading 'FFTM' table from disk
2026-03-19 13:40:52,245 DEBUG Decompiling 'FFTM' table
2026-03-19 13:40:52,245 DEBUG Took 0.001s to prune 'name'
2026-03-19 13:40:52,245 INFO name pruned
2026-03-19 13:40:52,254 DEBUG Reading 'maxp' table from disk
2026-03-19 13:40:52,254 DEBUG Decompiling 'maxp' table
2026-03-19 13:40:52,254 DEBUG Took 0.000s to load 'maxp'
2026-03-19 13:40:52,254 DEBUG Took 0.000s to prune 'maxp'
2026-03-19 13:40:52,254 INFO maxp pruned
2026-03-19 13:40:52,255 DEBUG Reading 'cmap' table from disk
2026-03-19 13:40:52,255 DEBUG Decompiling 'cmap' table
2026-03-19 13:40:52,255 DEBUG Reading 'post' table from disk
2026-03-19 13:40:52,255 DEBUG Decompiling 'post' table
2026-03-19 13:40:52,260 DEBUG Took 0.005s to load 'cmap'
2026-03-19 13:40:52,260 DEBUG Took 0.000s to prune 'cmap'
2026-03-19 13:40:52,260 INFO cmap pruned
2026-03-19 13:40:52,260 INFO fpgm dropped
2026-03-19 13:40:52,260 INFO prep dropped
2026-03-19 13:40:52,260 INFO cvt  dropped
2026-03-19 13:40:52,260 INFO kern dropped
2026-03-19 13:40:52,260 DEBUG Took 0.000s to load 'post'
2026-03-19 13:40:52,260 DEBUG Took 0.000s to prune 'post'
2026-03-19 13:40:52,260 INFO post pruned
2026-03-19 13:40:52,260 INFO GPOS dropped
2026-03-19 13:40:52,260 INFO GSUB dropped
2026-03-19 13:40:52,260 DEBUG Reading 'glyf' table from disk
2026-03-19 13:40:52,261 DEBUG Decompiling 'glyf' table
2026-03-19 13:40:52,261 DEBUG Reading 'loca' table from disk
2026-03-19 13:40:52,261 DEBUG Decompiling 'loca' table
2026-03-19 13:40:52,261 DEBUG Reading 'head' table from disk
2026-03-19 13:40:52,261 DEBUG Decompiling 'head' table
2026-03-19 13:40:52,263 DEBUG Took 0.003s to load 'glyf'
2026-03-19 13:40:52,263 DEBUG Took 0.000s to prune 'glyf'
2026-03-19 13:40:52,263 INFO glyf pruned
2026-03-19 13:40:52,264 DEBUG Took 0.000s to close glyph list over 'cmap'
2026-03-19 13:40:52,264 INFO Added gid0 to subset
2026-03-19 13:40:52,264 INFO Closing glyph list over 'MATH': 37 glyphs before
2026-03-19 13:40:52,264 INFO Glyph names: ['.notdef', 'C', 'D', 'E', 'M', 'P', 'T', 'a', 'bar', 'c', 'colon', 'd', 'e', 'eight', 'emdash', 'f', 'fi', 'five', 'four', 'g', 'hyphen', 'i', 'k', 'l', 'n', 'nine', 'o', 'one', 'r', 's', 'seven', 'six', 'space', 't', 'three', 'two', 'zero']
2026-03-19 13:40:52,265 INFO Glyph IDs:   [0, 3, 16, 19, 20, 21, 22, 23, 24, 25, 26, 27, 28, 29, 38, 39, 40, 48, 51, 55, 68, 70, 71, 72, 73, 74, 76, 78, 79, 81, 82, 85, 86, 87, 95, 1923, 3315]
2026-03-19 13:40:52,265 DEBUG Reading 'MATH' table from disk
2026-03-19 13:40:52,265 DEBUG Decompiling 'MATH' table
2026-03-19 13:40:52,266 INFO Closed glyph list over 'MATH': 37 glyphs after
2026-03-19 13:40:52,266 INFO Glyph names: ['.notdef', 'C', 'D', 'E', 'M', 'P', 'T', 'a', 'bar', 'c', 'colon', 'd', 'e', 'eight', 'emdash', 'f', 'fi', 'five', 'four', 'g', 'hyphen', 'i', 'k', 'l', 'n', 'nine', 'o', 'one', 'r', 's', 'seven', 'six', 'space', 't', 'three', 'two', 'zero']
2026-03-19 13:40:52,266 INFO Glyph IDs:   [0, 3, 16, 19, 20, 21, 22, 23, 24, 25, 26, 27, 28, 29, 38, 39, 40, 48, 51, 55, 68, 70, 71, 72, 73, 74, 76, 78, 79, 81, 82, 85, 86, 87, 95, 1923, 3315]
2026-03-19 13:40:52,266 DEBUG Took 0.002s to close glyph list over 'MATH'
2026-03-19 13:40:52,266 INFO Closing glyph list over 'glyf': 37 glyphs before
2026-03-19 13:40:52,266 INFO Glyph names: ['.notdef', 'C', 'D', 'E', 'M', 'P', 'T', 'a', 'bar', 'c', 'colon', 'd', 'e', 'eight', 'emdash', 'f', 'fi', 'five', 'four', 'g', 'hyphen', 'i', 'k', 'l', 'n', 'nine', 'o', 'one', 'r', 's', 'seven', 'six', 'space', 't', 'three', 'two', 'zero']
2026-03-19 13:40:52,266 INFO Glyph IDs:   [0, 3, 16, 19, 20, 21, 22, 23, 24, 25, 26, 27, 28, 29, 38, 39, 40, 48, 51, 55, 68, 70, 71, 72, 73, 74, 76, 78, 79, 81, 82, 85, 86, 87, 95, 1923, 3315]
2026-03-19 13:40:52,267 INFO Closed glyph list over 'glyf': 37 glyphs after
2026-03-19 13:40:52,267 INFO Glyph names: ['.notdef', 'C', 'D', 'E', 'M', 'P', 'T', 'a', 'bar', 'c', 'colon', 'd', 'e', 'eight', 'emdash', 'f', 'fi', 'five', 'four', 'g', 'hyphen', 'i', 'k', 'l', 'n', 'nine', 'o', 'one', 'r', 's', 'seven', 'six', 'space', 't', 'three', 'two', 'zero']
2026-03-19 13:40:52,267 INFO Glyph IDs:   [0, 3, 16, 19, 20, 21, 22, 23, 24, 25, 26, 27, 28, 29, 38, 39, 40, 48, 51, 55, 68, 70, 71, 72, 73, 74, 76, 78, 79, 81, 82, 85, 86, 87, 95, 1923, 3315]
2026-03-19 13:40:52,267 DEBUG Took 0.001s to close glyph list over 'glyf'
2026-03-19 13:40:52,269 INFO Retaining 37 glyphs
2026-03-19 13:40:52,269 INFO head subsetting not needed
2026-03-19 13:40:52,269 INFO hhea subsetting not needed
2026-03-19 13:40:52,269 INFO maxp subsetting not needed
2026-03-19 13:40:52,269 INFO OS/2 subsetting not needed
2026-03-19 13:40:52,269 DEBUG Reading 'hmtx' table from disk
2026-03-19 13:40:52,269 DEBUG Decompiling 'hmtx' table
2026-03-19 13:40:52,270 DEBUG Reading 'hhea' table from disk
2026-03-19 13:40:52,270 DEBUG Decompiling 'hhea' table
2026-03-19 13:40:52,272 DEBUG Took 0.003s to subset 'hmtx'
2026-03-19 13:40:52,273 INFO hmtx subsetted
2026-03-19 13:40:52,274 DEBUG Took 0.001s to subset 'cmap'
2026-03-19 13:40:52,274 INFO cmap subsetted
2026-03-19 13:40:52,274 INFO loca subsetting not needed
2026-03-19 13:40:52,274 DEBUG Took 0.000s to subset 'post'
2026-03-19 13:40:52,274 INFO post subsetted
2026-03-19 13:40:52,274 INFO gasp subsetting not needed
2026-03-19 13:40:52,274 INFO FFTM NOT subset; don't know how to subset
2026-03-19 13:40:52,274 DEBUG Took 0.000s to subset 'MATH'
2026-03-19 13:40:52,274 INFO MATH subsetted
2026-03-19 13:40:52,274 DEBUG Reading 'GDEF' table from disk
2026-03-19 13:40:52,274 DEBUG Decompiling 'GDEF' table
2026-03-19 13:40:52,275 DEBUG Took 0.001s to subset 'GDEF'
2026-03-19 13:40:52,275 INFO GDEF subsetted
2026-03-19 13:40:52,275 INFO name subsetting not needed
2026-03-19 13:40:52,277 DEBUG Took 0.001s to subset 'glyf'
2026-03-19 13:40:52,277 INFO glyf subsetted
2026-03-19 13:40:52,277 DEBUG Took 0.000s to subset GlyphOrder
2026-03-19 13:40:52,277 DEBUG Took 0.000s to prune 'head'
2026-03-19 13:40:52,277 INFO head pruned
2026-03-19 13:40:52,277 DEBUG Reading 'OS/2' table from disk
2026-03-19 13:40:52,278 DEBUG Decompiling 'OS/2' table
2026-03-19 13:40:52,278 INFO OS/2 Unicode ranges pruned: [0, 31, 62]
2026-03-19 13:40:52,278 INFO OS/2 CodePage ranges pruned: [0]
2026-03-19 13:40:52,279 DEBUG Took 0.001s to prune 'glyf'
2026-03-19 13:40:52,279 INFO glyf pruned
2026-03-19 13:40:52,279 DEBUG Took 0.000s to prune 'GDEF'
2026-03-19 13:40:52,279 INFO GDEF pruned
2026-03-19 13:40:52,279 DEBUG Reading 'name' table from disk
2026-03-19 13:40:52,279 DEBUG Decompiling 'name' table
2026-03-19 13:40:52,279 DEBUG Reading 'gasp' table from disk
2026-03-19 13:40:52,280 DEBUG Decompiling 'gasp' table
2026-03-19 13:40:52,280 DEBUG Reading 'FFTM' table from disk
2026-03-19 13:40:52,280 DEBUG Decompiling 'FFTM' table
2026-03-19 13:40:52,280 DEBUG Took 0.001s to prune 'name'
2026-03-19 13:40:52,280 INFO name pruned
2026-03-19 13:40:52,293 DEBUG Reading 'maxp' table from disk
2026-03-19 13:40:52,293 DEBUG Decompiling 'maxp' table
2026-03-19 13:40:52,293 DEBUG Took 0.000s to load 'maxp'
2026-03-19 13:40:52,293 DEBUG Took 0.000s to prune 'maxp'
2026-03-19 13:40:52,293 INFO maxp pruned
2026-03-19 13:40:52,293 DEBUG Reading 'cmap' table from disk
2026-03-19 13:40:52,293 DEBUG Decompiling 'cmap' table
2026-03-19 13:40:52,294 DEBUG Reading 'post' table from disk
2026-03-19 13:40:52,294 DEBUG Decompiling 'post' table
2026-03-19 13:40:52,301 DEBUG Took 0.007s to load 'cmap'
2026-03-19 13:40:52,301 DEBUG Took 0.000s to prune 'cmap'
2026-03-19 13:40:52,301 INFO cmap pruned
2026-03-19 13:40:52,301 INFO fpgm dropped
2026-03-19 13:40:52,301 INFO prep dropped
2026-03-19 13:40:52,301 INFO cvt  dropped
2026-03-19 13:40:52,301 INFO kern dropped
2026-03-19 13:40:52,301 DEBUG Took 0.000s to load 'post'
2026-03-19 13:40:52,301 DEBUG Took 0.000s to prune 'post'
2026-03-19 13:40:52,301 INFO post pruned
2026-03-19 13:40:52,301 INFO GPOS dropped
2026-03-19 13:40:52,302 INFO GSUB dropped
2026-03-19 13:40:52,302 DEBUG Reading 'glyf' table from disk
2026-03-19 13:40:52,302 DEBUG Decompiling 'glyf' table
2026-03-19 13:40:52,302 DEBUG Reading 'loca' table from disk
2026-03-19 13:40:52,302 DEBUG Decompiling 'loca' table
2026-03-19 13:40:52,302 DEBUG Reading 'head' table from disk
2026-03-19 13:40:52,302 DEBUG Decompiling 'head' table
2026-03-19 13:40:52,397 DEBUG Took 0.095s to load 'glyf'
2026-03-19 13:40:52,397 DEBUG Took 0.000s to prune 'glyf'
2026-03-19 13:40:52,397 INFO glyf pruned
2026-03-19 13:40:52,398 DEBUG Took 0.001s to close glyph list over 'cmap'
2026-03-19 13:40:52,398 INFO Added gid0 to subset
2026-03-19 13:40:52,398 INFO Closing glyph list over 'MATH': 2 glyphs before
2026-03-19 13:40:52,398 INFO Glyph names: ['.notdef', 'uni26A0']
2026-03-19 13:40:52,399 INFO Glyph IDs:   [0, 3959]
2026-03-19 13:40:52,399 DEBUG Reading 'MATH' table from disk
2026-03-19 13:40:52,399 DEBUG Decompiling 'MATH' table
2026-03-19 13:40:52,401 INFO Closed glyph list over 'MATH': 2 glyphs after
2026-03-19 13:40:52,401 INFO Glyph names: ['.notdef', 'uni26A0']
2026-03-19 13:40:52,401 INFO Glyph IDs:   [0, 3959]
2026-03-19 13:40:52,401 DEBUG Took 0.003s to close glyph list over 'MATH'
2026-03-19 13:40:52,401 INFO Closing glyph list over 'glyf': 2 glyphs before
2026-03-19 13:40:52,402 INFO Glyph names: ['.notdef', 'uni26A0']
2026-03-19 13:40:52,402 INFO Glyph IDs:   [0, 3959]
2026-03-19 13:40:52,402 INFO Closed glyph list over 'glyf': 2 glyphs after
2026-03-19 13:40:52,402 INFO Glyph names: ['.notdef', 'uni26A0']
2026-03-19 13:40:52,402 INFO Glyph IDs:   [0, 3959]
2026-03-19 13:40:52,402 DEBUG Took 0.001s to close glyph list over 'glyf'
2026-03-19 13:40:52,405 INFO Retaining 2 glyphs
2026-03-19 13:40:52,405 INFO head subsetting not needed
2026-03-19 13:40:52,405 INFO hhea subsetting not needed
2026-03-19 13:40:52,405 INFO maxp subsetting not needed
2026-03-19 13:40:52,405 INFO OS/2 subsetting not needed
2026-03-19 13:40:52,405 DEBUG Reading 'hmtx' table from disk
2026-03-19 13:40:52,406 DEBUG Decompiling 'hmtx' table
2026-03-19 13:40:52,406 DEBUG Reading 'hhea' table from disk
2026-03-19 13:40:52,406 DEBUG Decompiling 'hhea' table
2026-03-19 13:40:52,409 DEBUG Took 0.004s to subset 'hmtx'
2026-03-19 13:40:52,409 INFO hmtx subsetted
2026-03-19 13:40:52,411 DEBUG Took 0.001s to subset 'cmap'
2026-03-19 13:40:52,411 INFO cmap subsetted
2026-03-19 13:40:52,411 INFO loca subsetting not needed
2026-03-19 13:40:52,411 DEBUG Took 0.000s to subset 'post'
2026-03-19 13:40:52,411 INFO post subsetted
2026-03-19 13:40:52,411 INFO gasp subsetting not needed
2026-03-19 13:40:52,411 INFO FFTM NOT subset; don't know how to subset
2026-03-19 13:40:52,411 DEBUG Took 0.000s to subset 'MATH'
2026-03-19 13:40:52,411 INFO MATH subsetted
2026-03-19 13:40:52,411 DEBUG Reading 'GDEF' table from disk
2026-03-19 13:40:52,412 DEBUG Decompiling 'GDEF' table
2026-03-19 13:40:52,413 DEBUG Took 0.002s to subset 'GDEF'
2026-03-19 13:40:52,413 INFO GDEF subsetted
2026-03-19 13:40:52,413 INFO name subsetting not needed
2026-03-19 13:40:52,415 DEBUG Took 0.002s to subset 'glyf'
2026-03-19 13:40:52,415 INFO glyf subsetted
2026-03-19 13:40:52,416 DEBUG Took 0.000s to subset GlyphOrder
2026-03-19 13:40:52,416 DEBUG Took 0.000s to prune 'head'
2026-03-19 13:40:52,416 INFO head pruned
2026-03-19 13:40:52,416 DEBUG Reading 'OS/2' table from disk
2026-03-19 13:40:52,416 DEBUG Decompiling 'OS/2' table
2026-03-19 13:40:52,416 INFO OS/2 Unicode ranges pruned: [46]
2026-03-19 13:40:52,416 INFO OS/2 CodePage ranges pruned: [0]
2026-03-19 13:40:52,417 DEBUG Took 0.001s to prune 'glyf'
2026-03-19 13:40:52,417 INFO glyf pruned
2026-03-19 13:40:52,417 DEBUG Took 0.000s to prune 'GDEF'
2026-03-19 13:40:52,417 INFO GDEF pruned
2026-03-19 13:40:52,417 DEBUG Reading 'name' table from disk
2026-03-19 13:40:52,417 DEBUG Decompiling 'name' table
2026-03-19 13:40:52,418 DEBUG Reading 'gasp' table from disk
2026-03-19 13:40:52,418 DEBUG Decompiling 'gasp' table
2026-03-19 13:40:52,418 DEBUG Reading 'FFTM' table from disk
2026-03-19 13:40:52,418 DEBUG Decompiling 'FFTM' table
2026-03-19 13:40:52,418 DEBUG Took 0.001s to prune 'name'
2026-03-19 13:40:52,418 INFO name pruned
2026-03-19 13:40:53,559 INFO PDF saved: ./archive/2026-03/gex_weekly_2026-03-19/gex_weekly_2026-03-19.pdf
2026-03-19 13:40:53,567 INFO CSV saved: ./archive/2026-03/gex_weekly_2026-03-19/gex_data.csv
2026-03-19 13:40:53,568 INFO ============================================================
2026-03-19 13:40:53,568 INFO Report ready: ./archive/2026-03/gex_weekly_2026-03-19/gex_weekly_2026-03-19.pdf
2026-03-19 13:40:53,568 INFO ============================================================
